AUDIT-PROGRESS — 逐页进度追踪（append-only；每页落签后立即 echo >> 追加；抗会话中断）
格式：DATE TIME | TYPE | 论文 | 页/总页 | 等级 | 备注   （TYPE：START/PAGE/DONE/COMMIT/NOTE）
历史（≤19 号论文）在 AUDIT-INDEX.md 有纸级记录；本日志自 honeycomb（第 20 篇）起提供页级粒度。
2026-09-29 | DONE-01 | 1990年 - Mori ample tangent bundles | 14p(五点抽查) | 完成 | 早期批次(9aebad1/3166e59 之前)
2026-09-29 | DONE-02 | 1978年 - Fefferman BMO | 2/2 | PASS± | 早期批次 9aebad1/a84086d
2026-09-29 | DONE-03 | 1982年 - Yau Calabi (PNAS) | 2/2 | PASS± | a84086d
2026-09-29 | DONE-04 | 1986年 - Faltings Erratum | 1/1 | PASS± | a84086d
2026-09-29 | DONE-05 | 1970年 - Baker Turán 报告 | 2/2 | PASS±(md末幻觉段) | a84086d
2026-09-29 | DONE-06 | 1970年 - Hironaka Grothendieck 报告 | 3/3 | PASS± | a84086d
2026-09-29 | DONE-07 | 1970年 - Novikov Atiyah 报告 | 3/3 | PASS | a84086d
2026-09-29 | DONE-08 | 1954年 - Kodaira Analytic stacks | 6/6 | PASS | a84086d
2026-09-29 | DONE-09 | 1966年 - Cohen CH (PNAS) | 6/6 | PASS | a84086d
2026-09-29 | DONE-10 | 1962年 - Milnor 异纬7球面 | 7/7 | PASS± | 0b0f3dd/4e5d9aa
2026-09-29 | DONE-11 | 2006年 - Perelman Finite extinction | 7/7 | PASS± | 0b0f3dd/4e5d9aa(LaTeX源仲裁)
2026-09-29 | DONE-12 | 1990年 - Jones 结多项式 | 9/9 | PASS | 4e5d9aa
2026-09-29 | DONE-13 | 1974年 - Bombieri 工作报告 | 4/4 | FAIL单点(≪→⩽) | 408fbb6
2026-09-29 | DONE-14 | 1974年 - Bombieri Addendum | 5/5 | FAIL(p.4三处) | ea6cbde
2026-09-29 | DONE-15 | 1978年 - Margulis Tits工作报告 | 5/5 | PASS± | a33f22f
2026-09-29 | DONE-16 | 1994年 - Lions 用户指南(MathSciNet打印件) | 9/9 | PASS±(1处箭头丢失) | 056781f
2026-09-29 | DONE-17 | 1950年 - Selberg 素数定理 | 10/10 | FAIL×3单点 | e2ecf05
2026-09-29 | DONE-18 | 1936年 - Ahlfors ICM 报告 | 10/10 | PASS± | 9f30961
2026-09-29 | DONE-19 | 1994年 - Zelmanov Burnside | 11/11 | PASS± | dc6753f
2026-09-29 14:51 | START | 2010年 - Smirnov / Duminil-Copin_Smirnov_2010_honeycomb（＝2022年 - Duminil-Copin 同名副本，md5 相同） | 11p | — | PNG: audit/honeycomb_p001-p011.png
2026-09-29 14:51 | PAGE | honeycomb p1/11 | 已落签 | 见 AUDIT-Duminil-Copin_Smirnov_honeycomb.md
2026-09-29 14:51 | PAGE | honeycomb p2/11 | 已落签 | 见 AUDIT-Duminil-Copin_Smirnov_honeycomb.md
2026-09-29 14:51 | PAGE | honeycomb p3/11 | 已落签 | 见 AUDIT-Duminil-Copin_Smirnov_honeycomb.md
2026-09-29 14:51 | PAGE | honeycomb p4/11 | 已落签 | 见 AUDIT-Duminil-Copin_Smirnov_honeycomb.md
2026-09-29 14:51 | PAGE | honeycomb p5/11 | 已落签 | 见 AUDIT-Duminil-Copin_Smirnov_honeycomb.md
2026-09-29 14:51 | PAGE | honeycomb p6/11 | 已落签 | 见 AUDIT-Duminil-Copin_Smirnov_honeycomb.md
2026-09-29 14:51 | PAGE | honeycomb p7/11 | 已落签 | 见 AUDIT-Duminil-Copin_Smirnov_honeycomb.md
2026-09-29 14:51 | PAGE | honeycomb p8/11 | 已落签 | 见 AUDIT-Duminil-Copin_Smirnov_honeycomb.md
