START Tue Sep 29 12:32:31 EDT 2026
PARSE 1986年 ( pages) 12:32:34
Error: Invalid page range '1-': expected a page, an inclusive range, or 'all'
EXPORT FAIL 1986年
PARSE 1970年 ( pages) 12:32:35
Error: Invalid page range '1-': expected a page, an inclusive range, or 'all'
EXPORT FAIL 1970年
PARSE 1978年 ( pages) 12:32:35
Error: Invalid page range '1-': expected a page, an inclusive range, or 'all'
EXPORT FAIL 1978年
PARSE 1982年 ( pages) 12:32:36
Error: Invalid page range '1-': expected a page, an inclusive range, or 'all'
EXPORT FAIL 1982年
PARSE 1970年 ( pages) 12:32:36
Error: Invalid page range '1-': expected a page, an inclusive range, or 'all'
EXPORT FAIL 1970年
PARSE 1970年 ( pages) 12:32:37
Error: Invalid page range '1-': expected a page, an inclusive range, or 'all'
EXPORT FAIL 1970年
PARSE 1974年 ( pages) 12:32:38
Error: Invalid page range '1-': expected a page, an inclusive range, or 'all'
EXPORT FAIL 1974年
PARSE 1974年 ( pages) 12:32:38
Error: Invalid page range '1-': expected a page, an inclusive range, or 'all'
EXPORT FAIL 1974年
PARSE 1978年 ( pages) 12:32:39
Error: Invalid page range '1-': expected a page, an inclusive range, or 'all'
EXPORT FAIL 1978年
PARSE 1954年 ( pages) 12:32:39
Error: Invalid page range '1-': expected a page, an inclusive range, or 'all'
EXPORT FAIL 1954年
PARSE 1966年 ( pages) 12:32:40
Error: Invalid page range '1-': expected a page, an inclusive range, or 'all'
EXPORT FAIL 1966年
PARSE 1962年 ( pages) 12:32:40
Error: Invalid page range '1-': expected a page, an inclusive range, or 'all'
EXPORT FAIL 1962年
PARSE 2006年 ( pages) 12:32:41
Error: Invalid page range '1-': expected a page, an inclusive range, or 'all'
EXPORT FAIL 2006年
PARSE 1990年 ( pages) 12:32:41
Error: Invalid page range '1-': expected a page, an inclusive range, or 'all'
EXPORT FAIL 1990年
PARSE 1994年 ( pages) 12:32:42
Error: Invalid page range '1-': expected a page, an inclusive range, or 'all'
EXPORT FAIL 1994年
PARSE 1936年 ( pages) 12:32:42
Error: Invalid page range '1-': expected a page, an inclusive range, or 'all'
EXPORT FAIL 1936年
PARSE 1950年 ( pages) 12:32:43
Error: Invalid page range '1-': expected a page, an inclusive range, or 'all'
EXPORT FAIL 1950年
PARSE 2022年 ( pages) 12:32:43
Error: Invalid page range '1-': expected a page, an inclusive range, or 'all'
EXPORT FAIL 2022年
PARSE 1994年 ( pages) 12:32:44
Error: Invalid page range '1-': expected a page, an inclusive range, or 'all'
EXPORT FAIL 1994年
PARSE 2010年 ( pages) 12:32:45
Error: Invalid page range '1-': expected a page, an inclusive range, or 'all'
EXPORT FAIL 2010年
PARSE 2022年 ( pages) 12:32:45
Error: Invalid page range '1-': expected a page, an inclusive range, or 'all'
EXPORT FAIL 2022年
PARSE 1966年 ( pages) 12:32:46
Error: Invalid page range '1-': expected a page, an inclusive range, or 'all'
EXPORT FAIL 1966年
PARSE 1970年 ( pages) 12:32:46
Error: Invalid page range '1-': expected a page, an inclusive range, or 'all'
EXPORT FAIL 1970年
PARSE 1966年 ( pages) 12:32:47
Error: Invalid page range '1-': expected a page, an inclusive range, or 'all'
EXPORT FAIL 1966年
PARSE 2022年 ( pages) 12:32:47
Error: Invalid page range '1-': expected a page, an inclusive range, or 'all'
EXPORT FAIL 2022年
PARSE 1986年 ( pages) 12:32:48
Error: Invalid page range '1-': expected a page, an inclusive range, or 'all'
EXPORT FAIL 1986年
PARSE 1958年 ( pages) 12:32:48
Error: Invalid page range '1-': expected a page, an inclusive range, or 'all'
EXPORT FAIL 1958年
PARSE 2022年 ( pages) 12:32:49
Error: Invalid page range '1-': expected a page, an inclusive range, or 'all'
EXPORT FAIL 2022年
PARSE 1974年 ( pages) 12:32:49
Error: Invalid page range '1-': expected a page, an inclusive range, or 'all'
EXPORT FAIL 1974年
PARSE 1998年 ( pages) 12:32:50
Error: Invalid page range '1-': expected a page, an inclusive range, or 'all'
EXPORT FAIL 1998年
PARSE 2006年 ( pages) 12:32:50
Error: Invalid page range '1-': expected a page, an inclusive range, or 'all'
EXPORT FAIL 2006年
PARSE 2022年 ( pages) 12:32:51
Error: Invalid page range '1-': expected a page, an inclusive range, or 'all'
EXPORT FAIL 2022年
PARSE 2014年 ( pages) 12:32:51
Error: Invalid page range '1-': expected a page, an inclusive range, or 'all'
EXPORT FAIL 2014年
PARSE 2018年 ( pages) 12:32:52
Error: Invalid page range '1-': expected a page, an inclusive range, or 'all'
EXPORT FAIL 2018年
PARSE 2022年 ( pages) 12:32:53
Error: Invalid page range '1-': expected a page, an inclusive range, or 'all'
EXPORT FAIL 2022年
PARSE 1974年 ( pages) 12:32:53
Error: Invalid page range '1-': expected a page, an inclusive range, or 'all'
EXPORT FAIL 1974年
PARSE 1982年 ( pages) 12:32:54
Error: Invalid page range '1-': expected a page, an inclusive range, or 'all'
EXPORT FAIL 1982年
PARSE 2018年 ( pages) 12:32:54
Error: Invalid page range '1-': expected a page, an inclusive range, or 'all'
EXPORT FAIL 2018年
PARSE 2014年 ( pages) 12:32:55
Error: Invalid page range '1-': expected a page, an inclusive range, or 'all'
EXPORT FAIL 2014年
PARSE 1998年 ( pages) 12:32:55
Error: Invalid page range '1-': expected a page, an inclusive range, or 'all'
EXPORT FAIL 1998年
PARSE 1990年 ( pages) 12:32:56
Error: Invalid page range '1-': expected a page, an inclusive range, or 'all'
EXPORT FAIL 1990年
PARSE 1990年 ( pages) 12:32:56
Error: Invalid page range '1-': expected a page, an inclusive range, or 'all'
EXPORT FAIL 1990年
PARSE 2010年 ( pages) 12:32:57
Error: Invalid page range '1-': expected a page, an inclusive range, or 'all'
EXPORT FAIL 2010年
PARSE 2010年 ( pages) 12:32:57
Error: Invalid page range '1-': expected a page, an inclusive range, or 'all'
EXPORT FAIL 2010年
PARSE 2006年 ( pages) 12:32:58
Error: Invalid page range '1-': expected a page, an inclusive range, or 'all'
EXPORT FAIL 2006年
PARSE 1978年 ( pages) 12:32:58
Error: Invalid page range '1-': expected a page, an inclusive range, or 'all'
EXPORT FAIL 1978年
PARSE 1936年 ( pages) 12:32:59
Error: Invalid page range '1-': expected a page, an inclusive range, or 'all'
EXPORT FAIL 1936年
PARSE 1986年 ( pages) 12:33:00
Error: Invalid page range '1-': expected a page, an inclusive range, or 'all'
EXPORT FAIL 1986年
PARSE 1994年 ( pages) 12:33:00
Error: Invalid page range '1-': expected a page, an inclusive range, or 'all'
EXPORT FAIL 1994年
PARSE 2006年 ( pages) 12:33:01
Error: Invalid page range '1-': expected a page, an inclusive range, or 'all'
EXPORT FAIL 2006年
PARSE 1998年 ( pages) 12:33:01
Error: Invalid page range '1-': expected a page, an inclusive range, or 'all'
EXPORT FAIL 1998年
PARSE 1998年 ( pages) 12:33:02
Error: Invalid page range '1-': expected a page, an inclusive range, or 'all'
EXPORT FAIL 1998年
PARSE 1954年 ( pages) 12:33:02
Error: Invalid page range '1-': expected a page, an inclusive range, or 'all'
EXPORT FAIL 1954年
PARSE 1998年 ( pages) 12:33:03
Error: Invalid page range '1-': expected a page, an inclusive range, or 'all'
EXPORT FAIL 1998年
PARSE 2018年 ( pages) 12:33:03
Error: Invalid page range '1-': expected a page, an inclusive range, or 'all'
EXPORT FAIL 2018年
PARSE 1998年 ( pages) 12:33:04
Error: Invalid page range '1-': expected a page, an inclusive range, or 'all'
EXPORT FAIL 1998年
PARSE 2010年 ( pages) 12:33:04
Error: Invalid page range '1-': expected a page, an inclusive range, or 'all'
EXPORT FAIL 2010年
PARSE 2014年 ( pages) 12:33:05
Error: Invalid page range '1-': expected a page, an inclusive range, or 'all'
EXPORT FAIL 2014年
PARSE 1978年 ( pages) 12:33:05
Error: Invalid page range '1-': expected a page, an inclusive range, or 'all'
EXPORT FAIL 1978年
PARSE 2018年 ( pages) 12:33:06
Error: Invalid page range '1-': expected a page, an inclusive range, or 'all'
EXPORT FAIL 2018年
PARSE 1998年 ( pages) 12:33:06
Error: Invalid page range '1-': expected a page, an inclusive range, or 'all'
EXPORT FAIL 1998年
PARSE 2006年 ( pages) 12:33:07
Error: Invalid page range '1-': expected a page, an inclusive range, or 'all'
EXPORT FAIL 2006年
PARSE 1936年 ( pages) 12:33:08
Error: Invalid page range '1-': expected a page, an inclusive range, or 'all'
EXPORT FAIL 1936年
PARSE 1978年 ( pages) 12:33:08
Error: Invalid page range '1-': expected a page, an inclusive range, or 'all'
EXPORT FAIL 1978年
PARSE 1958年 ( pages) 12:33:09
Error: Invalid page range '1-': expected a page, an inclusive range, or 'all'
EXPORT FAIL 1958年
PARSE 2006年 ( pages) 12:33:09
Error: Invalid page range '1-': expected a page, an inclusive range, or 'all'
EXPORT FAIL 2006年
PARSE 1970年 ( pages) 12:33:10
Error: Invalid page range '1-': expected a page, an inclusive range, or 'all'
EXPORT FAIL 1970年
PARSE 1962年 ( pages) 12:33:10
Error: Invalid page range '1-': expected a page, an inclusive range, or 'all'
EXPORT FAIL 1962年
PARSE 1966年 ( pages) 12:33:11
Error: Invalid page range '1-': expected a page, an inclusive range, or 'all'
EXPORT FAIL 1966年
PARSE 1994年 ( pages) 12:33:11
Error: Invalid page range '1-': expected a page, an inclusive range, or 'all'
EXPORT FAIL 1994年
PARSE 2018年 ( pages) 12:33:12
Error: Invalid page range '1-': expected a page, an inclusive range, or 'all'
EXPORT FAIL 2018年
PARSE 1986年 ( pages) 12:33:12
Error: Invalid page range '1-': expected a page, an inclusive range, or 'all'
EXPORT FAIL 1986年
PARSE 2002年 ( pages) 12:33:13
Error: Invalid page range '1-': expected a page, an inclusive range, or 'all'
EXPORT FAIL 2002年
PARSE 2014年 ( pages) 12:33:13
Error: Invalid page range '1-': expected a page, an inclusive range, or 'all'
EXPORT FAIL 2014年
PARSE 1982年 ( pages) 12:33:14
Error: Invalid page range '1-': expected a page, an inclusive range, or 'all'
EXPORT FAIL 1982年
PARSE 1998年 ( pages) 12:33:14
Error: Invalid page range '1-': expected a page, an inclusive range, or 'all'
EXPORT FAIL 1998年
PARSE 1998年 ( pages) 12:33:15
Error: Invalid page range '1-': expected a page, an inclusive range, or 'all'
EXPORT FAIL 1998年
PARSE 1970年 ( pages) 12:33:16
Error: Invalid page range '1-': expected a page, an inclusive range, or 'all'
EXPORT FAIL 1970年
PARSE 1950年 ( pages) 12:33:16
Error: Invalid page range '1-': expected a page, an inclusive range, or 'all'
EXPORT FAIL 1950年
PARSE 2014年 ( pages) 12:33:17
Error: Invalid page range '1-': expected a page, an inclusive range, or 'all'
EXPORT FAIL 2014年
PARSE 2010年 ( pages) 12:33:17
Error: Invalid page range '1-': expected a page, an inclusive range, or 'all'
EXPORT FAIL 2010年
PARSE 1950年 ( pages) 12:33:18
Error: Invalid page range '1-': expected a page, an inclusive range, or 'all'
EXPORT FAIL 1950年
PARSE 1966年 ( pages) 12:33:18
Error: Invalid page range '1-': expected a page, an inclusive range, or 'all'
EXPORT FAIL 1966年
PARSE 2002年 ( pages) 12:33:19
Error: Invalid page range '1-': expected a page, an inclusive range, or 'all'
EXPORT FAIL 2002年
PARSE 1970年 ( pages) 12:33:19
Error: Invalid page range '1-': expected a page, an inclusive range, or 'all'
EXPORT FAIL 1970年
DONE Tue Sep 29 12:33:20 EDT 2026
START 86 files
PARSE Faltings_1984_erratum (1p)
EXPORT OK Faltings_1984_erratum (1 zips)
PARSE Baker_1970_work_report (2p)
EXPORT OK Baker_1970_work_report (1 zips)
PARSE Fefferman_1971_bmo (2p)
EXPORT OK Fefferman_1971_bmo (1 zips)
PARSE Yau_1977_calabi_conjecture (2p)
EXPORT OK Yau_1977_calabi_conjecture (1 zips)
PARSE Hironaka_1970_work_report_grothendieck (3p)
EXPORT OK Hironaka_1970_work_report_grothendieck (1 zips)
PARSE Novikov_1970_work_report_atiyah (3p)
EXPORT OK Novikov_1970_work_report_atiyah (1 zips)
PARSE Bombieri_1974_work_report_chandrasekharan (4p)
EXPORT OK Bombieri_1974_work_report_chandrasekharan (1 zips)
PARSE Bombieri_1970_addendum (5p)
EXPORT OK Bombieri_1970_addendum (1 zips)
PARSE Margulis_1978_work_report_tits (5p)
EXPORT OK Margulis_1978_work_report_tits (1 zips)
PARSE Kodaira_1953_analytic_stacks (6p)
EXPORT OK Kodaira_1953_analytic_stacks (1 zips)
PARSE Cohen_1963_continuum_hypothesis (6p)
EXPORT OK Cohen_1963_continuum_hypothesis (1 zips)
PARSE Milnor_1956_exotic_7sphere (7p)
EXPORT OK Milnor_1956_exotic_7sphere (1 zips)
PARSE Perelman_2003_finite_extinction (7p)
EXPORT OK Perelman_2003_finite_extinction (1 zips)
PARSE Jones_1985_knot_polynomial (9p)
EXPORT OK Jones_1985_knot_polynomial (1 zips)
PARSE Lions_1992_viscosity_users_guide (9p)
EXPORT OK Lions_1992_viscosity_users_guide (1 zips)
PARSE Ahlfors_1936_riemannschen_flaechen_icm (10p)
EXPORT OK Ahlfors_1936_riemannschen_flaechen_icm (1 zips)
PARSE Selberg_1949_elementary_pnt (10p)
EXPORT OK Selberg_1949_elementary_pnt (1 zips)
PARSE Huh_2020_lorentzian_polynomials (10p)
EXPORT FAIL Huh_2020_lorentzian_polynomials
PARSE Zelmanov_1999_restricted_burnside (11p)
EXPORT OK Zelmanov_1999_restricted_burnside (1 zips)
PARSE Duminil-Copin_Smirnov_2010_honeycomb (11p)
EXPORT OK Duminil-Copin_Smirnov_2010_honeycomb (1 zips)
PARSE Duminil-Copin_Smirnov_2010_honeycomb (11p)
EXPORT OK Duminil-Copin_Smirnov_2010_honeycomb (1 zips)
PARSE Atiyah_Singer_1963_index_theorem (12p)
EXPORT OK Atiyah_Singer_1963_index_theorem (1 zips)
PARSE Baker_1966_linear_forms_ru (12p)
EXPORT OK Baker_1966_linear_forms_ru (1 zips)
SKIP Mori_1979_ample_tangent (md exists)
PARSE Smale_1961_generalized_poincare (17p)
EXPORT OK Smale_1961_generalized_poincare (1 zips)
PARSE Viazovska_2016_sphere_packing_dim24 (17p)
EXPORT OK Viazovska_2016_sphere_packing_dim24 (1 zips)
PARSE Faltings_1983_endlichkeitssatze (18p)
EXPORT OK Faltings_1983_endlichkeitssatze (1 zips)
PARSE Roth_1955_rational_approx (20p)
EXPORT OK Roth_1955_rational_approx (1 zips)
PARSE Huh_2012_milnor_chromatic (21p)
EXPORT OK Huh_2012_milnor_chromatic (1 zips)
PARSE Bombieri_1970_algebraic_values (22p)
EXPORT OK Bombieri_1970_algebraic_values (1 zips)
PARSE taylorwiles1995 (22p)
EXPORT OK taylorwiles1995 (1 zips)
PARSE Perelman_2003_ricci_surgery (22p)
EXPORT OK Perelman_2003_ricci_surgery (1 zips)
PARSE Viazovska_2016_sphere_packing_dim8 (24p)
EXPORT OK Viazovska_2016_sphere_packing_dim8 (1 zips)
PARSE Bhargava_2010_ternary_cubic_rank0 (25p)
EXPORT OK Bhargava_2010_ternary_cubic_rank0 (1 zips)
PARSE Figalli_2012_partial_regularity_ot (25p)
EXPORT OK Figalli_2012_partial_regularity_ot (1 zips)
PARSE Maynard_2015_small_gaps_primes (25p)
EXPORT OK Maynard_2015_small_gaps_primes (1 zips)
PARSE Mumford_1974_prym_varieties (26p)
EXPORT OK Mumford_1974_prym_varieties (1 zips)
PARSE Thurston_1982_kleinian_hyperbolic (26p)
EXPORT OK Thurston_1982_kleinian_hyperbolic (1 zips)
PARSE Birkar_2016_fano_flips (26p)
EXPORT OK Birkar_2016_fano_flips (1 zips)
PARSE Avila_2006_reducibility_schrodinger (30p)
EXPORT OK Avila_2006_reducibility_schrodinger (1 zips)
PARSE McMullen_1991_cusps_dense (31p)
EXPORT OK McMullen_1991_cusps_dense (1 zips)
PARSE Drinfeld_1974_elliptic_modules (32p)
EXPORT OK Drinfeld_1974_elliptic_modules (1 zips)
PARSE Witten_1982_supersymmetry_morse (32p)
EXPORT OK Witten_1982_supersymmetry_morse (1 zips)
PARSE Smirnov_2010_conformal_invariance (33p)
EXPORT OK Smirnov_2010_conformal_invariance (1 zips)
PARSE Villani_Mouhot_2010_landau (33p)
EXPORT OK Villani_Mouhot_2010_landau (1 zips)
PARSE Okounkov_2001_schur_process (35p)
EXPORT OK Okounkov_2001_schur_process (1 zips)
PARSE Deligne_1974_weil1 (36p)
EXPORT OK Deligne_1974_weil1 (1 zips)
PARSE Ahlfors_1930_ueberlagerungsflaechen (38p)
EXPORT OK Ahlfors_1930_ueberlagerungsflaechen (1 zips)
PARSE Donaldson_1983_gauge_theory_4manifolds (38p)
EXPORT OK Donaldson_1983_gauge_theory_4manifolds (1 zips)
PARSE Bourgain_1989_pointwise_ergodic (38p)
EXPORT OK Bourgain_1989_pointwise_ergodic (1 zips)
PARSE Perelman_2002_entropy_ricci (39p)
EXPORT OK Perelman_2002_entropy_ricci (1 zips)
PARSE frey1986 (40p)
EXPORT OK frey1986 (1 zips)
PARSE Borcherds_1992_monstrous_moonshine (41p)
EXPORT OK Borcherds_1992_monstrous_moonshine (1 zips)
PARSE Serre_1956_gaga (43p)
EXPORT OK Serre_1956_gaga (1 zips)
PARSE Kontsevich_1997_deformation_quantization (46p)
EXPORT OK Kontsevich_1997_deformation_quantization (1 zips)
PARSE Birkar_2016_singularities_linear_systems (46p)
EXPORT OK Birkar_2016_singularities_linear_systems (1 zips)
PARSE ribet1990 (47p)
EXPORT OK ribet1990 (1 zips)
PARSE Lindenstrauss_2006_littlewood_exceptions (48p)
EXPORT OK Lindenstrauss_2006_littlewood_exceptions (1 zips)
PARSE Mirzakhani_2007_simple_geodesics (49p)
EXPORT OK Mirzakhani_2007_simple_geodesics (1 zips)
PARSE Margulis_1974_arithmetic_properties (50p)
EXPORT OK Margulis_1974_arithmetic_properties (1 zips)
PARSE Scholze_2011_perfectoid_spaces (51p)
EXPORT OK Scholze_2011_perfectoid_spaces (1 zips)
PARSE serre1987 (52p)
EXPORT OK serre1987 (1 zips)
PARSE Tao_Green_2004_primes_AP (56p)
EXPORT OK Tao_Green_2004_primes_AP (1 zips)
PARSE Douglas_1931_plateau (59p)
EXPORT OK Douglas_1931_plateau (1 zips)
PARSE Quillen_1973_higher_K_theory (63p)
EXPORT OK Quillen_1973_higher_K_theory (1 zips)
PARSE Thom_1954_varietes_differentiables (70p)
EXPORT OK Thom_1954_varietes_differentiables (1 zips)
PARSE Werner_2001_lsw_conformal_invariance (72p)
EXPORT OK Werner_2001_lsw_conformal_invariance (1 zips)
PARSE Novikov_1967_cobordism_methods (86p)
EXPORT OK Novikov_1967_cobordism_methods (1 zips)
PARSE Hörmander_1955_pdo (88p)
EXPORT OK Hörmander_1955_pdo (1 zips)
PARSE Grothendieck_1961_ega3 (90p)
EXPORT OK Grothendieck_1961_ega3 (1 zips)
PARSE Yoccoz_1995_siegel_bruno (91p)

=== RESTART Tue Sep 29 14:07:43 EDT 2026 ===
START 86 files
SKIP Faltings_1984_erratum (md exists)
SKIP Baker_1970_work_report (md exists)
SKIP Fefferman_1971_bmo (md exists)
SKIP Yau_1977_calabi_conjecture (md exists)
SKIP Hironaka_1970_work_report_grothendieck (md exists)
SKIP Novikov_1970_work_report_atiyah (md exists)
SKIP Bombieri_1974_work_report_chandrasekharan (md exists)
SKIP Bombieri_1970_addendum (md exists)
SKIP Margulis_1978_work_report_tits (md exists)
SKIP Kodaira_1953_analytic_stacks (md exists)
SKIP Cohen_1963_continuum_hypothesis (md exists)
SKIP Milnor_1956_exotic_7sphere (md exists)
SKIP Perelman_2003_finite_extinction (md exists)
SKIP Jones_1985_knot_polynomial (md exists)
SKIP Lions_1992_viscosity_users_guide (md exists)
SKIP Ahlfors_1936_riemannschen_flaechen_icm (md exists)
SKIP Selberg_1949_elementary_pnt (md exists)
PARSE Huh_2020_lorentzian_polynomials (10p)
EXPORT FAIL Huh_2020_lorentzian_polynomials
SKIP Zelmanov_1999_restricted_burnside (md exists)
SKIP Duminil-Copin_Smirnov_2010_honeycomb (md exists)
SKIP Duminil-Copin_Smirnov_2010_honeycomb (md exists)
SKIP Atiyah_Singer_1963_index_theorem (md exists)
SKIP Baker_1966_linear_forms_ru (md exists)
SKIP Mori_1979_ample_tangent (md exists)
SKIP Smale_1961_generalized_poincare (md exists)
SKIP Viazovska_2016_sphere_packing_dim24 (md exists)
SKIP Faltings_1983_endlichkeitssatze (md exists)
SKIP Roth_1955_rational_approx (md exists)
SKIP Huh_2012_milnor_chromatic (md exists)
SKIP Bombieri_1970_algebraic_values (md exists)
SKIP taylorwiles1995 (md exists)
SKIP Perelman_2003_ricci_surgery (md exists)
SKIP Viazovska_2016_sphere_packing_dim8 (md exists)
SKIP Bhargava_2010_ternary_cubic_rank0 (md exists)
SKIP Figalli_2012_partial_regularity_ot (md exists)
SKIP Maynard_2015_small_gaps_primes (md exists)
SKIP Mumford_1974_prym_varieties (md exists)
SKIP Thurston_1982_kleinian_hyperbolic (md exists)
SKIP Birkar_2016_fano_flips (md exists)
SKIP Avila_2006_reducibility_schrodinger (md exists)
SKIP McMullen_1991_cusps_dense (md exists)
SKIP Drinfeld_1974_elliptic_modules (md exists)
SKIP Witten_1982_supersymmetry_morse (md exists)
SKIP Smirnov_2010_conformal_invariance (md exists)
SKIP Villani_Mouhot_2010_landau (md exists)
SKIP Okounkov_2001_schur_process (md exists)
SKIP Deligne_1974_weil1 (md exists)
SKIP Ahlfors_1930_ueberlagerungsflaechen (md exists)
SKIP Donaldson_1983_gauge_theory_4manifolds (md exists)
SKIP Bourgain_1989_pointwise_ergodic (md exists)
SKIP Perelman_2002_entropy_ricci (md exists)
SKIP frey1986 (md exists)
SKIP Borcherds_1992_monstrous_moonshine (md exists)
SKIP Serre_1956_gaga (md exists)
SKIP Kontsevich_1997_deformation_quantization (md exists)
SKIP Birkar_2016_singularities_linear_systems (md exists)
SKIP ribet1990 (md exists)
SKIP Lindenstrauss_2006_littlewood_exceptions (md exists)
SKIP Mirzakhani_2007_simple_geodesics (md exists)
SKIP Margulis_1974_arithmetic_properties (md exists)
SKIP Scholze_2011_perfectoid_spaces (md exists)
SKIP serre1987 (md exists)
SKIP Tao_Green_2004_primes_AP (md exists)
SKIP Douglas_1931_plateau (md exists)
SKIP Quillen_1973_higher_K_theory (md exists)
SKIP Thom_1954_varietes_differentiables (md exists)
SKIP Werner_2001_lsw_conformal_invariance (md exists)
SKIP Novikov_1967_cobordism_methods (md exists)
SKIP Hörmander_1955_pdo (md exists)
SKIP Grothendieck_1961_ega3 (md exists)
PARSE Yoccoz_1995_siegel_bruno (91p)
EXPORT OK Yoccoz_1995_siegel_bruno (1 zips)
PARSE Venkatesh_2006_sparse_equidistribution (91p)
EXPORT OK Venkatesh_2006_sparse_equidistribution (1 zips)
PARSE Freedman_1982_topology_4manifolds (98p)
EXPORT OK Freedman_1982_topology_4manifolds (1 zips)
PARSE Voevodsky_1999_a1_homotopy (100p)
EXPORT OK Voevodsky_1999_a1_homotopy (1 zips)
PARSE Hairer_2011_KPZ (103p)
EXPORT OK Hairer_2011_KPZ (1 zips)
PARSE Connes_1985_noncommutative_diff_geo (105p)
EXPORT OK Connes_1985_noncommutative_diff_geo (1 zips)
PARSE wiles1995 (109p)
EXPORT OK wiles1995 (1 zips)
PARSE Gowers_2001_szemeredi_newproof (124p)
EXPORT OK Gowers_2001_szemeredi_newproof (1 zips)
PARSE Hironaka_2008_resolution_lectures (139p)
EXPORT OK Hironaka_2008_resolution_lectures (1 zips)
PARSE Schwartz_1957_distributions_vectorielles_I (142p)
EXPORT OK Schwartz_1957_distributions_vectorielles_I (1 zips)
PARSE Hairer_2013_regularity_structures (180p)
EXPORT OK Hairer_2013_regularity_structures (1 zips)
PARSE Ngo_2008_fundamental_lemma (197p)
EXPORT OK Ngo_2008_fundamental_lemma (1 zips)
PARSE Schwartz_1958_distributions_vectorielles_II (210p)
GPL Ghostscript 10.04.0: Destination page 1 lies outside the valid page range.
EXPORT OK Schwartz_1958_distributions_vectorielles_II (2 zips)
PARSE Grothendieck_1960_ega1 (227p)
GPL Ghostscript 10.04.0: Destination page 1 lies outside the valid page range.
EXPORT OK Grothendieck_1960_ega1 (2 zips)
PARSE Lafforgue_2002_chtoucas (241p)
EXPORT OK Lafforgue_2002_chtoucas (2 zips)
PARSE Thompson_Feit_1963_odd_order (282p)
GPL Ghostscript 10.04.0: Destination page 181 lies outside the valid page range.
GPL Ghostscript 10.04.0:    **** Warning: Outline has invalid link that was discarded.
GPL Ghostscript 10.04.0: Destination page 1 lies outside the valid page range.
GPL Ghostscript 10.04.0:    **** Warning: Outline has invalid link that was discarded.
EXPORT OK Thompson_Feit_1963_odd_order (2 zips)
ALL DONE
